Microchip MPLAB XC8 Compiler V1.45 ()

Linker command line:

-W-3 --edf=C:\Program Files (x86)\Microchip\xc8\v1.45\dat\en_msgs.txt -cs \
  -h+dist/default/production\NixieClock.X.production.sym \
  --cmf=dist/default/production\NixieClock.X.production.cmf -z -Q16LF1519 \
  -oC:\Users\DREWMA~1\AppData\Local\Temp\sb9k.2 \
  -Mdist/default/production/NixieClock.X.production.map -E1 -ver=XC8 \
  -ASTACK=02085h-023efh -pstack=STACK -ACODE=00h-07FFhx8 \
  -ASTRCODE=00h-03FFFh -ASTRING=00h-0FFhx64 -ACONST=00h-0FFhx64 \
  -AENTRY=00h-0FFhx64 -ACOMMON=070h-07Fh -ABANK0=020h-06Fh \
  -ABANK1=0A0h-0EFh -ABANK2=0120h-016Fh -ABANK3=01A0h-01EFh \
  -ABANK4=0220h-026Fh -ABANK5=02A0h-02EFh -ABANK6=0320h-036Fh \
  -ABANK7=03A0h-03EFh -ABANK8=0420h-046Fh -ABANK9=04A0h-04EFh \
  -ABANK10=0520h-056Fh -ABANK11=05A0h-05EFh -ABANK12=0620h-064Fh \
  -ABIGRAM=02000h-023EFh \
  -ARAM=020h-06Fh,0A0h-0EFh,0120h-016Fh,01A0h-01EFh,0220h-026Fh,02A0h-02EFh,0320h-036Fh,03A0h-03EFh,0420h-046Fh,04A0h-04EFh,0520h-056Fh,05A0h-05EFh,0620h-064Fh \
  -AABS1=020h-07Fh,0A0h-0EFh,0120h-016Fh,01A0h-01EFh,0220h-026Fh,02A0h-02EFh,0320h-036Fh,03A0h-03EFh,0420h-046Fh,04A0h-04EFh,0520h-056Fh,05A0h-05EFh,0620h-064Fh \
  -ASFR0=00h-01Fh -ASFR1=080h-09Fh -ASFR2=0100h-011Fh -ASFR3=0180h-019Fh \
  -ASFR4=0200h-021Fh -ASFR5=0280h-029Fh -ASFR6=0300h-031Fh \
  -ASFR7=0380h-039Fh -ASFR8=0400h-041Fh -ASFR9=0480h-049Fh \
  -ASFR10=0500h-051Fh -ASFR11=0580h-059Fh -ASFR12=0600h-061Fh \
  -ASFR13=0680h-06EFh -ASFR14=0700h-076Fh -ASFR15=0780h-07EFh \
  -ASFR16=0800h-086Fh -ASFR17=0880h-08EFh -ASFR18=0900h-096Fh \
  -ASFR19=0980h-09EFh -ASFR20=0A00h-0A6Fh -ASFR21=0A80h-0AEFh \
  -ASFR22=0B00h-0B6Fh -ASFR23=0B80h-0BEFh -ASFR24=0C00h-0C6Fh \
  -ASFR25=0C80h-0CEFh -ASFR26=0D00h-0D6Fh -ASFR27=0D80h-0DEFh \
  -ASFR28=0E00h-0E6Fh -ASFR29=0E80h-0EEFh -ASFR30=0F00h-0F6Fh \
  -ASFR31=0F80h-0FEFh -preset_vec=00h,intentry=04h,init,end_init \
  -ppowerup=CODE -pcinit=CODE -pfunctab=ENTRY -ACONFIG=08007h-08008h \
  -pconfig=CONFIG -DCONFIG=2 -AIDLOC=08000h-08003h -pidloc=IDLOC -DIDLOC=2 \
  -DCODE=2 -DSTRCODE=2 -DSTRING=2 -DCONST=2 -DENTRY=2 -k \
  C:\Users\DREWMA~1\AppData\Local\Temp\sb9k.obj \
  dist/default/production\NixieClock.X.production.obj 

Object code version is 3.11

Machine type is 16LF1519



                Name                               Link     Load   Length Selector   Space Scale
C:\Users\DREWMA~1\AppData\Local\Temp\sb9k.obj
                end_init                             32       32        2        8       0
                reset_vec                             0        0        2        0       0
                idloc                              8000     8000        4    10000       0
                config                             8007     8007        2    1000E       0
dist/default/production\NixieClock.X.production.obj
                cinit                                34       34       15        8       0
                intentry                              4        4       2E        8       0
                text87                              AA5      AA5        3     154A       0
                text86                              DD7      DD7       34     1BAE       0
                text85                              DAB      DAB       2C     1B56       0
                text84                              543      543       84        8       0
                text83                              D3A      D3A       25     1A74       0
                text82                              C8C      C8C       21     1918       0
                text81                              A9F      A9F        1     153E       0
                text80                              B4C      B4C        D     1698       0
                text79                              CAD      CAD       21     195A       0
                text78                              AA0      AA0        1     1540       0
                text77                              B59      B59        D     16B2       0
                text76                              CCE      CCE       24     199C       0
                text75                              CF2      CF2       24     19E4       0
                text74                              AA1      AA1        1     1542       0
                text73                              B66      B66        D     16CC       0
                text72                              D84      D84       27     1B08       0
                text71                              AA2      AA2        1     1544       0
                text70                              B73      B73        D     16E6       0
                text69                              ABF      ABF        6     157E       0
                text68                              AA8      AA8        3     1550       0
                text67                              EB0      EB0       3C     1D60       0
                text66                              5C7      5C7       82        8       0
                text65                              649      649       6D        8       0
                text64                              71B      71B       64        8       0
                text63                              241      241       B4        8       0
                text62                              F6A      F6A       45     1ED4       0
                text61                              E40      E40       37     1C80       0
                text60                              BFA      BFA       14     17F4       0
                text59                              14B      14B       F6        8       0
                text58                              B25      B25        9     164A       0
                text57                              EEC      EEC       3D     1DD8       0
                text56                              438      438       86        8       0
                text55                              E0B      E0B       35     1C16       0
                text54                              F29      F29       41     1E52       0
                text53                              FAF      FAF       51     1F5E       0
                text52                               49       49      102        8       0
                text51                              AC5      AC5        6     158A       0
                text50                              ACB      ACB        6     1596       0
                text49                              AD1      AD1        6     15A2       0
                text48                              AD7      AD7        6     15AE       0
                text47                              ADD      ADD        6     15BA       0
                text46                              AE3      AE3        6     15C6       0
                text45                              AE9      AE9        6     15D2       0
                text44                              AAB      AAB        3     1556       0
                text43                              3A7      3A7       91        8       0
                text42                              B2E      B2E        9     165C       0
                text41                              AA3      AA3        1     1546       0
                text40                              B80      B80        D     1700       0
                text39                              AA4      AA4        1     1548       0
                text38                              B8D      B8D        D     171A       0
                text37                              D16      D16       24     1A2C       0
                swtext1                             800      800        E     1000       0
                text36                              E77      E77       39     1CEE       0
                text35                              C39      C39       18     1872       0
                text34                              D5F      D5F       25     1ABE       0
                text33                                2        2        1        0       0
                text32                              BB4      BB4       10     1768       0
                text31                              C6D      C6D       1F     18DA       0
                text30                              7D3      7D3       2C        8       0
                text29                                3        3        1        6       0
                text28                              B40      B40        C     1680       0
                text27                              C0E      C0E       15     181C       0
                text26                              BC4      BC4       11     1788       0
                text25                              B9A      B9A        D     1734       0
                text24                              7FF      7FF        1        8       0
                text23                              BA7      BA7        D     174E       0
                text21                              AB7      AB7        4     156E       0
                text20                              AEF      AEF        6     15DE       0
                text19                              AF5      AF5        6     15EA       0
                text18                              AFB      AFB        6     15F6       0
                text17                              B01      B01        6     1602       0
                text16                              B37      B37        9     166E       0
                text15                              B07      B07        6     160E       0
                text14                              6B6      6B6       65        8       0
                text13                              B0D      B0D        6     161A       0
                text12                              C23      C23       16     1846       0
                text11                              B13      B13        6     1626       0
                text10                              AAE      AAE        3     155C       0
                text9                               C51      C51       1C     18A2       0
                text8                               B19      B19        6     1632       0
                text7                               AB1      AB1        3     1562       0
                text6                               BE7      BE7       13     17CE       0
                text5                               ABB      ABB        4     1576       0
                text4                               BD5      BD5       12     17AA       0
                text3                               AB4      AB4        3     1568       0
                text2                               2F5      2F5       B2        8       0
                text1                               4BE      4BE       85        8       0
                maintext                            77F      77F       54        8       0
                cstackBANK0                          20       20       37       20       1
                cstackCOMMON                         70       70        E       70       1
                cstackBANK1                          C7       C7        E       A0       1
                clrtext                             B1F      B1F        6     163E       0
                bssBANK1                             A0       A0       27       A0       1
                bssBANK0                             57       57       17       20       1
                bitbssBANK0                         370       6E        1       20       1     8
                stringtext3                        100B     100B        2     2000       0
                stringtext2                        1008     1008        3     2000       0
                stringtext1                        1000     1000        8     2000       0

TOTAL           Name                               Link     Load   Length     Space
        CLASS   STACK          

        CLASS   CODE           
                end_init                             32       32        2         0
                cinit                                34       34       15         0
                intentry                              4        4       2E         0
                reset_vec                             0        0        2         0
                text87                              AA5      AA5        3         0
                text86                              DD7      DD7       34         0
                text85                              DAB      DAB       2C         0
                text84                              543      543       84         0
                text83                              D3A      D3A       25         0
                text82                              C8C      C8C       21         0
                text81                              A9F      A9F        1         0
                text80                              B4C      B4C        D         0
                text79                              CAD      CAD       21         0
                text78                              AA0      AA0        1         0
                text77                              B59      B59        D         0
                text76                              CCE      CCE       24         0
                text75                              CF2      CF2       24         0
                text74                              AA1      AA1        1         0
                text73                              B66      B66        D         0
                text72                              D84      D84       27         0
                text71                              AA2      AA2        1         0
                text70                              B73      B73        D         0
                text69                              ABF      ABF        6         0
                text68                              AA8      AA8        3         0
                text67                              EB0      EB0       3C         0
                text66                              5C7      5C7       82         0
                text65                              649      649       6D         0
                text64                              71B      71B       64         0
                text63                              241      241       B4         0
                text62                              F6A      F6A       45         0
                text61                              E40      E40       37         0
                text60                              BFA      BFA       14         0
                text59                              14B      14B       F6         0
                text58                              B25      B25        9         0
                text57                              EEC      EEC       3D         0
                text56                              438      438       86         0
                text55                              E0B      E0B       35         0
                text54                              F29      F29       41         0
                text53                              FAF      FAF       51         0
                text52                               49       49      102         0
                text51                              AC5      AC5        6         0
                text50                              ACB      ACB        6         0
                text49                              AD1      AD1        6         0
                text48                              AD7      AD7        6         0
                text47                              ADD      ADD        6         0
                text46                              AE3      AE3        6         0
                text45                              AE9      AE9        6         0
                text44                              AAB      AAB        3         0
                text43                              3A7      3A7       91         0
                text42                              B2E      B2E        9         0
                text41                              AA3      AA3        1         0
                text40                              B80      B80        D         0
                text39                              AA4      AA4        1         0
                text38                              B8D      B8D        D         0
                text37                              D16      D16       24         0
                text36                              E77      E77       39         0
                text35                              C39      C39       18         0
                text34                              D5F      D5F       25         0
                text33                                2        2        1         0
                text32                              BB4      BB4       10         0
                text31                              C6D      C6D       1F         0
                text30                              7D3      7D3       2C         0
                text29                                3        3        1         0
                text28                              B40      B40        C         0
                text27                              C0E      C0E       15         0
                text26                              BC4      BC4       11         0
                text25                              B9A      B9A        D         0
                text24                              7FF      7FF        1         0
                text23                              BA7      BA7        D         0
                text21                              AB7      AB7        4         0
                text20                              AEF      AEF        6         0
                text19                              AF5      AF5        6         0
                text18                              AFB      AFB        6         0
                text17                              B01      B01        6         0
                text16                              B37      B37        9         0
                text15                              B07      B07        6         0
                text14                              6B6      6B6       65         0
                text13                              B0D      B0D        6         0
                text12                              C23      C23       16         0
                text11                              B13      B13        6         0
                text10                              AAE      AAE        3         0
                text9                               C51      C51       1C         0
                text8                               B19      B19        6         0
                text7                               AB1      AB1        3         0
                text6                               BE7      BE7       13         0
                text5                               ABB      ABB        4         0
                text4                               BD5      BD5       12         0
                text3                               AB4      AB4        3         0
                text2                               2F5      2F5       B2         0
                text1                               4BE      4BE       85         0
                maintext                            77F      77F       54         0
                clrtext                             B1F      B1F        6         0

        CLASS   STRCODE        
                stringtext3                        100B     100B        2         0
                stringtext2                        1008     1008        3         0
                stringtext1                        1000     1000        8         0

        CLASS   STRING         

        CLASS   CONST          
                swtext1                             800      800        E         0

        CLASS   ENTRY          

        CLASS   COMMON         
                cstackCOMMON                         70       70        E         1

        CLASS   BANK0          
                cstackBANK0                          20       20       37         1
                bssBANK0                             57       57       17         1
                bitbssBANK0                         370       6E        1         1

        CLASS   BANK1          
                cstackBANK1                          C7       C7        E         1
                bssBANK1                             A0       A0       27         1

        CLASS   BANK2          

        CLASS   BANK3          

        CLASS   BANK4          

        CLASS   BANK5          

        CLASS   BANK6          

        CLASS   BANK7          

        CLASS   BANK8          

        CLASS   BANK9          

        CLASS   BANK10         

        CLASS   BANK11         

        CLASS   BANK12         

        CLASS   BIGRAM         

        CLASS   RAM            

        CLASS   ABS1           
                abs_s1                               7E       7E        2         1

        CLASS   SFR0           

        CLASS   SFR1           

        CLASS   SFR2           

        CLASS   SFR3           

        CLASS   SFR4           

        CLASS   SFR5           

        CLASS   SFR6           

        CLASS   SFR7           

        CLASS   SFR8           

        CLASS   SFR9           

        CLASS   SFR10          

        CLASS   SFR11          

        CLASS   SFR12          

        CLASS   SFR13          

        CLASS   SFR14          

        CLASS   SFR15          

        CLASS   SFR16          

        CLASS   SFR17          

        CLASS   SFR18          

        CLASS   SFR19          

        CLASS   SFR20          

        CLASS   SFR21          

        CLASS   SFR22          

        CLASS   SFR23          

        CLASS   SFR24          

        CLASS   SFR25          

        CLASS   SFR26          

        CLASS   SFR27          

        CLASS   SFR28          

        CLASS   SFR29          

        CLASS   SFR30          

        CLASS   SFR31          

        CLASS   CONFIG         
                config                             8007     8007        2         0

        CLASS   IDLOC          
                idloc                              8000     8000        4         0

        CLASS   BANK31         

        CLASS   BANK30         

        CLASS   BANK29         

        CLASS   BANK28         

        CLASS   BANK27         

        CLASS   BANK26         

        CLASS   BANK25         

        CLASS   BANK24         

        CLASS   BANK23         

        CLASS   BANK22         

        CLASS   BANK21         

        CLASS   BANK20         

        CLASS   BANK19         

        CLASS   BANK18         

        CLASS   BANK17         

        CLASS   BANK16         

        CLASS   BANK15         

        CLASS   BANK14         

        CLASS   BANK13         

        CLASS   EEDATA         



SEGMENTS        Name                           Load    Length   Top    Selector   Space  Class     Delta

                reset_vec                      000000  000003  000003         0       0  CODE        2
                text29                         000003  000001  000004         6       0  CODE        2
                intentry                       000004  0007FC  000800         8       0  CODE        2
                cstackBANK0                    000020  00004F  00006F        20       1  BANK0       1
                cstackCOMMON                   000070  00000E  00007E        70       1  COMMON      1
                bssBANK1                       0000A0  000035  0000D5        A0       1  BANK1       1
                swtext1                        000800  00000E  00080E      1000       0  CONST       2
                text81                         000A9F  000001  000AA0      153E       0  CODE        2
                text78                         000AA0  000001  000AA1      1540       0  CODE        2
                text74                         000AA1  000001  000AA2      1542       0  CODE        2
                text71                         000AA2  000001  000AA3      1544       0  CODE        2
                text41                         000AA3  000001  000AA4      1546       0  CODE        2
                text39                         000AA4  000001  000AA5      1548       0  CODE        2
                text87                         000AA5  000003  000AA8      154A       0  CODE        2
                text68                         000AA8  000003  000AAB      1550       0  CODE        2
                text44                         000AAB  000003  000AAE      1556       0  CODE        2
                text10                         000AAE  000003  000AB1      155C       0  CODE        2
                text7                          000AB1  000003  000AB4      1562       0  CODE        2
                text3                          000AB4  000003  000AB7      1568       0  CODE        2
                text21                         000AB7  000004  000ABB      156E       0  CODE        2
                text5                          000ABB  000004  000ABF      1576       0  CODE        2
                text69                         000ABF  000006  000AC5      157E       0  CODE        2
                text51                         000AC5  000006  000ACB      158A       0  CODE        2
                text50                         000ACB  000006  000AD1      1596       0  CODE        2
                text49                         000AD1  000006  000AD7      15A2       0  CODE        2
                text48                         000AD7  000006  000ADD      15AE       0  CODE        2
                text47                         000ADD  000006  000AE3      15BA       0  CODE        2
                text46                         000AE3  000006  000AE9      15C6       0  CODE        2
                text45                         000AE9  000006  000AEF      15D2       0  CODE        2
                text20                         000AEF  000006  000AF5      15DE       0  CODE        2
                text19                         000AF5  000006  000AFB      15EA       0  CODE        2
                text18                         000AFB  000006  000B01      15F6       0  CODE        2
                text17                         000B01  000006  000B07      1602       0  CODE        2
                text15                         000B07  000006  000B0D      160E       0  CODE        2
                text13                         000B0D  000006  000B13      161A       0  CODE        2
                text11                         000B13  000006  000B19      1626       0  CODE        2
                text8                          000B19  000006  000B1F      1632       0  CODE        2
                clrtext                        000B1F  000006  000B25      163E       0  CODE        2
                text58                         000B25  000009  000B2E      164A       0  CODE        2
                text42                         000B2E  000009  000B37      165C       0  CODE        2
                text16                         000B37  000009  000B40      166E       0  CODE        2
                text28                         000B40  00000C  000B4C      1680       0  CODE        2
                text80                         000B4C  00000D  000B59      1698       0  CODE        2
                text77                         000B59  00000D  000B66      16B2       0  CODE        2
                text73                         000B66  00000D  000B73      16CC       0  CODE        2
                text70                         000B73  00000D  000B80      16E6       0  CODE        2
                text40                         000B80  00000D  000B8D      1700       0  CODE        2
                text38                         000B8D  00000D  000B9A      171A       0  CODE        2
                text25                         000B9A  00000D  000BA7      1734       0  CODE        2
                text23                         000BA7  00000D  000BB4      174E       0  CODE        2
                text32                         000BB4  000010  000BC4      1768       0  CODE        2
                text26                         000BC4  000011  000BD5      1788       0  CODE        2
                text4                          000BD5  000012  000BE7      17AA       0  CODE        2
                text6                          000BE7  000013  000BFA      17CE       0  CODE        2
                text60                         000BFA  000014  000C0E      17F4       0  CODE        2
                text27                         000C0E  000015  000C23      181C       0  CODE        2
                text12                         000C23  000016  000C39      1846       0  CODE        2
                text35                         000C39  000018  000C51      1872       0  CODE        2
                text9                          000C51  00001C  000C6D      18A2       0  CODE        2
                text31                         000C6D  00001F  000C8C      18DA       0  CODE        2
                text82                         000C8C  000021  000CAD      1918       0  CODE        2
                text79                         000CAD  000021  000CCE      195A       0  CODE        2
                text76                         000CCE  000024  000CF2      199C       0  CODE        2
                text75                         000CF2  000024  000D16      19E4       0  CODE        2
                text37                         000D16  000024  000D3A      1A2C       0  CODE        2
                text83                         000D3A  000025  000D5F      1A74       0  CODE        2
                text34                         000D5F  000025  000D84      1ABE       0  CODE        2
                text72                         000D84  000027  000DAB      1B08       0  CODE        2
                text85                         000DAB  00002C  000DD7      1B56       0  CODE        2
                text86                         000DD7  000034  000E0B      1BAE       0  CODE        2
                text55                         000E0B  000035  000E40      1C16       0  CODE        2
                text61                         000E40  000037  000E77      1C80       0  CODE        2
                text36                         000E77  000039  000EB0      1CEE       0  CODE        2
                text67                         000EB0  00003C  000EEC      1D60       0  CODE        2
                text57                         000EEC  00003D  000F29      1DD8       0  CODE        2
                text54                         000F29  000041  000F6A      1E52       0  CODE        2
                text62                         000F6A  000045  000FAF      1ED4       0  CODE        2
                text53                         000FAF  000051  001000      1F5E       0  CODE        2
                stringtext1                    001000  00000D  00100D      2000       0  STRCODE     2
                idloc                          008000  000004  008004     10000       0  IDLOC       2
                config                         008007  000002  008009     1000E       0  CONFIG      2


UNUSED ADDRESS RANGES

        Name                Unused          Largest block    Delta
        BANK0            0006F-0006F               1           1
        BANK1            000D5-000EF              1B           1
        BANK10           00520-0056F              50           1
        BANK11           005A0-005EF              50           1
        BANK12           00620-0064F              30           1
        BANK2            00120-0016F              50           1
        BANK3            001A0-001EF              50           1
        BANK4            00220-0026F              50           1
        BANK5            002A0-002EF              50           1
        BANK6            00320-0036F              50           1
        BANK7            003A0-003EF              50           1
        BANK8            00420-0046F              50           1
        BANK9            004A0-004EF              50           1
        BIGRAM           02000-023EF             3F0           1
        CODE             0080E-00A9E             291           2
                         0100D-03FFF             800
        CONST            0080E-00A9E             100           2
                         0100D-03FFF             100
        ENTRY            0080E-00A9E             100           2
                         0100D-03FFF             100
        RAM              0006F-0006F               1           1
                         000D5-000EF              1B
                         00120-0016F              50
                         001A0-001EF              50
                         00220-0026F              50
                         002A0-002EF              50
                         00320-0036F              50
                         003A0-003EF              50
                         00420-0046F              50
                         004A0-004EF              50
                         00520-0056F              50
                         005A0-005EF              50
                         00620-0064F              30
        SFR0             00000-0001F              20           1
        SFR1             00080-0009F              20           1
        SFR10            00500-0051F              20           1
        SFR11            00580-0059F              20           1
        SFR12            00600-0061F              20           1
        SFR13            00680-006EF              70           1
        SFR14            00700-0076F              70           1
        SFR15            00780-007EF              70           1
        SFR16            00800-0086F              70           1
        SFR17            00880-008EF              70           1
        SFR18            00900-0096F              70           1
        SFR19            00980-009EF              70           1
        SFR2             00100-0011F              20           1
        SFR20            00A00-00A6F              70           1
        SFR21            00A80-00AEF              70           1
        SFR22            00B00-00B6F              70           1
        SFR23            00B80-00BEF              70           1
        SFR24            00C00-00C6F              70           1
        SFR25            00C80-00CEF              70           1
        SFR26            00D00-00D6F              70           1
        SFR27            00D80-00DEF              70           1
        SFR28            00E00-00E6F              70           1
        SFR29            00E80-00EEF              70           1
        SFR3             00180-0019F              20           1
        SFR30            00F00-00F6F              70           1
        SFR31            00F80-00FEF              70           1
        SFR4             00200-0021F              20           1
        SFR5             00280-0029F              20           1
        SFR6             00300-0031F              20           1
        SFR7             00380-0039F              20           1
        SFR8             00400-0041F              20           1
        SFR9             00480-0049F              20           1
        STACK            02085-023EF             36B           1
        STRCODE          0080E-00A9E             291           2
                         0100D-03FFF            2FF3
        STRING           0080E-00A9E             100           2
                         0100D-03FFF             100

                                  Symbol Table

?___aldiv                                     cstackBANK0  00020
?___almod                                     cstackCOMMON 00070
?___altoft                                    cstackBANK0  00020
?___ftadd                                     cstackBANK0  00034
?___ftmul                                     cstackBANK0  00020
?___ftneg                                     cstackBANK0  00031
?___ftpack                                    cstackCOMMON 00070
?___fttol                                     cstackCOMMON 00070
?___ltdiv                                     cstackCOMMON 00078
?___ltmod                                     cstackCOMMON 00070
?___lttoft                                    cstackCOMMON 00078
?___lwdiv                                     cstackCOMMON 00070
?___lwmod                                     cstackCOMMON 00078
?_round                                       cstackBANK0  00041
?_trunc                                       cstackBANK0  00028
IOCBF0_SetInterruptHandler@InterruptHandler   cstackBANK1  000C7
IOCBF1_SetInterruptHandler@InterruptHandler   cstackBANK1  000C7
IOCBF2_SetInterruptHandler@InterruptHandler   cstackBANK1  000C7
IOCBF3_SetInterruptHandler@InterruptHandler   cstackBANK1  000C7
IOCBF4_SetInterruptHandler@InterruptHandler   cstackBANK1  000C7
IOCBF5_SetInterruptHandler@InterruptHandler   cstackBANK1  000C7
TMR0_SetInterruptHandler@InterruptHandler     cstackBANK1  000C7
TMR1_SetInterruptHandler@InterruptHandler     cstackBANK1  000C7
TMR2_SetInterruptHandler@InterruptHandler     cstackBANK1  000C7
_ANSELA                                       (abs)        0018C
_ANSELB                                       (abs)        0018D
_ANSELC                                       (abs)        0018E
_ANSELD                                       (abs)        0018F
_ANSELE                                       (abs)        00190
_APFCON                                       (abs)        0011D
_CFGS                                         (abs)        00CAE
_HFIOFR                                       (abs)        004D4
_INTCONbits                                   (abs)        0000B
_INTERRUPT_InterruptManager                   intentry     00004
_IOCBF0_DefaultInterruptHandler               text81       00A9F
_IOCBF0_ISR                                   text80       00B4C
_IOCBF0_InterruptHandler                      bssBANK1     000BC
_IOCBF0_SetInterruptHandler                   text20       00AEF
_IOCBF1_DefaultInterruptHandler               text78       00AA0
_IOCBF1_ISR                                   text77       00B59
_IOCBF1_InterruptHandler                      bssBANK1     000BA
_IOCBF1_SetInterruptHandler                   text19       00AF5
_IOCBF2_DefaultInterruptHandler               text74       00AA1
_IOCBF2_ISR                                   text73       00B66
_IOCBF2_InterruptHandler                      bssBANK1     000B8
_IOCBF2_SetInterruptHandler                   text18       00AFB
_IOCBF3_DefaultInterruptHandler               text71       00AA2
_IOCBF3_ISR                                   text70       00B73
_IOCBF3_InterruptHandler                      bssBANK1     000B6
_IOCBF3_SetInterruptHandler                   text17       00B01
_IOCBF4_DefaultInterruptHandler               text41       00AA3
_IOCBF4_ISR                                   text40       00B80
_IOCBF4_InterruptHandler                      bssBANK0     0006C
_IOCBF4_SetInterruptHandler                   text16       00B37
_IOCBF5_DefaultInterruptHandler               text39       00AA4
_IOCBF5_ISR                                   text38       00B8D
_IOCBF5_InterruptHandler                      bssBANK1     000B4
_IOCBF5_SetInterruptHandler                   text15       00B07
_IOCBFbits                                    (abs)        00396
_IOCBNbits                                    (abs)        00395
_IOCBPbits                                    (abs)        00394
_LATA                                         (abs)        0010C
_LATAbits                                     (abs)        0010C
_LATB                                         (abs)        0010D
_LATC                                         (abs)        0010E
_LATCbits                                     (abs)        0010E
_LATD                                         (abs)        0010F
_LATDbits                                     (abs)        0010F
_LATE                                         (abs)        00110
_LATEbits                                     (abs)        00110
_LFIOFR                                       (abs)        004D1
_OPTION_REG                                   (abs)        00095
_OPTION_REGbits                               (abs)        00095
_OSCCON                                       (abs)        00099
_OSCCONbits                                   (abs)        00099
_OSCILLATOR_Initialize                        text21       00AB7
_OSTS                                         (abs)        004D5
_PIE1bits                                     (abs)        00091
_PIN_MANAGER_IOC                              text37       00D16
_PIN_MANAGER_Initialize                       text14       006B6
_PIR1bits                                     (abs)        00011
_PMADRH                                       (abs)        00192
_PMADRL                                       (abs)        00191
_PMDATH                                       (abs)        00194
_PMDATL                                       (abs)        00193
_PORTAbits                                    (abs)        0000C
_PORTBbits                                    (abs)        0000D
_PORTCbits                                    (abs)        0000E
_PR2                                          (abs)        0001B
_ParallelPort                                 (abs)        0010F
_RD                                           (abs)        00CA8
_SYSTEM_Initialize                            text4        00BD5
_T1CON                                        (abs)        00018
_T1CONbits                                    (abs)        00018
_T1GCON                                       (abs)        00019
_T1GCONbits                                   (abs)        00019
_T2CON                                        (abs)        0001C
_T2CONbits                                    (abs)        0001C
_TMR0                                         (abs)        00015
_TMR0CS                                       (abs)        004AD
_TMR0_DefaultInterruptHandler                 text33       00002
_TMR0_ISR                                     text32       00BB4
_TMR0_Initialize                              text12       00C23
_TMR0_InterruptHandler                        bssBANK1     000C4
_TMR0_SetInterruptHandler                     text13       00B0D
_TMR1H                                        (abs)        00017
_TMR1L                                        (abs)        00016
_TMR1_DefaultInterruptHandler                 text29       00003
_TMR1_ISR                                     text27       00C0E
_TMR1_Initialize                              text9        00C51
_TMR1_InterruptHandler                        bssBANK1     000C0
_TMR1_SetInterruptHandler                     text11       00B13
_TMR1_StartTimer                              text10       00AAE
_TMR1_StopTimer                               text87       00AA5
_TMR2                                         (abs)        0001A
_TMR2_DefaultInterruptHandler                 text24       007FF
_TMR2_ISR                                     text23       00BA7
_TMR2_Initialize                              text6        00BE7
_TMR2_InterruptHandler                        bssBANK1     000BE
_TMR2_SetInterruptHandler                     text8        00B19
_TMR2_StartTimer                              text7        00AB1
_TMR2_StopTimer                               text3        00AB4
_TRISA                                        (abs)        0008C
_TRISAbits                                    (abs)        0008C
_TRISB                                        (abs)        0008D
_TRISBbits                                    (abs)        0008D
_TRISC                                        (abs)        0008E
_TRISCbits                                    (abs)        0008E
_TRISD                                        (abs)        0008F
_TRISDbits                                    (abs)        0008F
_TRISE                                        (abs)        00090
_TRISEbits                                    (abs)        00090
_WDTCON                                       (abs)        00097
_WDT_Initialize                               text5        00ABB
_WPUB                                         (abs)        0020D
_WPUE                                         (abs)        00210
__BbitbssBANK0                                bitbssBANK0  10008
__CFG_BOREN$ON                                (abs)        00000
__CFG_BORV$HI                                 (abs)        00000
__CFG_CLKOUTEN$OFF                            (abs)        00000
__CFG_CP$OFF                                  (abs)        00000
__CFG_FCMEN$ON                                (abs)        00000
__CFG_FOSC$HS                                 (abs)        00000
__CFG_IDLOC0$                                 (abs)        00004
__CFG_IDLOC1$                                 (abs)        00058
__CFG_IDLOC2$                                 (abs)        00049
__CFG_IDLOC3$                                 (abs)        0004E
__CFG_IESO$ON                                 (abs)        00000
__CFG_LPBOR$ON                                (abs)        00000
__CFG_LVP$OFF                                 (abs)        00000
__CFG_MCLRE$ON                                (abs)        00000
__CFG_PWRTE$OFF                               (abs)        00000
__CFG_STVREN$ON                               (abs)        00000
__CFG_WDTE$OFF                                (abs)        00000
__CFG_WRT$OFF                                 (abs)        00000
__Habs1                                       abs1         10008
__Hbank0                                      bank0        10008
__Hbank1                                      bank1        10008
__Hbank10                                     bank10       10008
__Hbank11                                     bank11       10008
__Hbank12                                     bank12       10008
__Hbank13                                     bank13       10008
__Hbank14                                     bank14       10008
__Hbank15                                     bank15       10008
__Hbank16                                     bank16       10008
__Hbank17                                     bank17       10008
__Hbank18                                     bank18       10008
__Hbank19                                     bank19       10008
__Hbank2                                      bank2        10008
__Hbank20                                     bank20       10008
__Hbank21                                     bank21       10008
__Hbank22                                     bank22       10008
__Hbank23                                     bank23       10008
__Hbank24                                     bank24       10008
__Hbank25                                     bank25       10008
__Hbank26                                     bank26       10008
__Hbank27                                     bank27       10008
__Hbank28                                     bank28       10008
__Hbank29                                     bank29       10008
__Hbank3                                      bank3        10008
__Hbank30                                     bank30       10008
__Hbank31                                     bank31       10008
__Hbank4                                      bank4        10008
__Hbank5                                      bank5        10008
__Hbank6                                      bank6        10008
__Hbank7                                      bank7        10008
__Hbank8                                      bank8        10008
__Hbank9                                      bank9        10008
__Hbigram                                     bigram       10008
__HbitbssBANK0                                bitbssBANK0  80040
__HbssBANK0                                   bssBANK0     10008
__HbssBANK1                                   bssBANK1     10008
__Hcinit                                      cinit        00049
__Hclrtext                                    clrtext      10008
__Hcode                                       code         10008
__Hcommon                                     common       10008
__Hconfig                                     config       08009
__HcstackBANK0                                cstackBANK0  10008
__HcstackBANK1                                cstackBANK1  10008
__HcstackCOMMON                               cstackCOMMON 10008
__Heeprom_data                                eeprom_data  08004
__Hend_init                                   end_init     00034
__Hfunctab                                    functab      00000
__Hidloc                                      idloc        08004
__Hinit                                       init         00032
__Hintentry                                   intentry     00032
__Hmaintext                                   maintext     10008
__Hpowerup                                    powerup      00000
__Hram                                        ram          10008
__Hreset_vec                                  reset_vec    00002
__Hsfr0                                       sfr0         10008
__Hsfr1                                       sfr1         10008
__Hsfr10                                      sfr10        10008
__Hsfr11                                      sfr11        10008
__Hsfr12                                      sfr12        10008
__Hsfr13                                      sfr13        10008
__Hsfr14                                      sfr14        10008
__Hsfr15                                      sfr15        10008
__Hsfr16                                      sfr16        10008
__Hsfr17                                      sfr17        10008
__Hsfr18                                      sfr18        10008
__Hsfr19                                      sfr19        10008
__Hsfr2                                       sfr2         10008
__Hsfr20                                      sfr20        10008
__Hsfr21                                      sfr21        10008
__Hsfr22                                      sfr22        10008
__Hsfr23                                      sfr23        10008
__Hsfr24                                      sfr24        10008
__Hsfr25                                      sfr25        10008
__Hsfr26                                      sfr26        10008
__Hsfr27                                      sfr27        10008
__Hsfr28                                      sfr28        10008
__Hsfr29                                      sfr29        10008
__Hsfr3                                       sfr3         10008
__Hsfr30                                      sfr30        10008
__Hsfr31                                      sfr31        10008
__Hsfr4                                       sfr4         10008
__Hsfr5                                       sfr5         10008
__Hsfr6                                       sfr6         10008
__Hsfr7                                       sfr7         10008
__Hsfr8                                       sfr8         10008
__Hsfr9                                       sfr9         10008
__Hspace_0                                    (abs)        80040
__Hspace_1                                    (abs)        10008
__Hspace_2                                    (abs)        00000
__Hspace_3                                    (abs)        08004
__Hstack                                      stack        00000
__Hstrings                                    strings      10008
__Hstringtext1                                stringtext1  10008
__Hstringtext2                                stringtext2  10008
__Hstringtext3                                stringtext3  10008
__Htext                                       text         10008
__Labs1                                       abs1         10008
__Lbank0                                      bank0        10008
__Lbank1                                      bank1        10008
__Lbank10                                     bank10       10008
__Lbank11                                     bank11       10008
__Lbank12                                     bank12       10008
__Lbank13                                     bank13       10008
__Lbank14                                     bank14       10008
__Lbank15                                     bank15       10008
__Lbank16                                     bank16       10008
__Lbank17                                     bank17       10008
__Lbank18                                     bank18       10008
__Lbank19                                     bank19       10008
__Lbank2                                      bank2        10008
__Lbank20                                     bank20       10008
__Lbank21                                     bank21       10008
__Lbank22                                     bank22       10008
__Lbank23                                     bank23       10008
__Lbank24                                     bank24       10008
__Lbank25                                     bank25       10008
__Lbank26                                     bank26       10008
__Lbank27                                     bank27       10008
__Lbank28                                     bank28       10008
__Lbank29                                     bank29       10008
__Lbank3                                      bank3        10008
__Lbank30                                     bank30       10008
__Lbank31                                     bank31       10008
__Lbank4                                      bank4        10008
__Lbank5                                      bank5        10008
__Lbank6                                      bank6        10008
__Lbank7                                      bank7        10008
__Lbank8                                      bank8        10008
__Lbank9                                      bank9        10008
__Lbigram                                     bigram       10008
__LbitbssBANK0                                bitbssBANK0  80040
__LbssBANK0                                   bssBANK0     10008
__LbssBANK1                                   bssBANK1     10008
__Lcinit                                      cinit        00034
__Lclrtext                                    clrtext      10008
__Lcode                                       code         10008
__Lcommon                                     common       10008
__Lconfig                                     config       08007
__LcstackBANK0                                cstackBANK0  10008
__LcstackBANK1                                cstackBANK1  10008
__LcstackCOMMON                               cstackCOMMON 10008
__Leeprom_data                                eeprom_data  08004
__Lend_init                                   end_init     00032
__Lfunctab                                    functab      00000
__Lidloc                                      idloc        08000
__Linit                                       init         00032
__Lintentry                                   intentry     00004
__Lmaintext                                   maintext     10008
__Lpowerup                                    powerup      00000
__Lram                                        ram          10008
__Lreset_vec                                  reset_vec    00000
__Lsfr0                                       sfr0         10008
__Lsfr1                                       sfr1         10008
__Lsfr10                                      sfr10        10008
__Lsfr11                                      sfr11        10008
__Lsfr12                                      sfr12        10008
__Lsfr13                                      sfr13        10008
__Lsfr14                                      sfr14        10008
__Lsfr15                                      sfr15        10008
__Lsfr16                                      sfr16        10008
__Lsfr17                                      sfr17        10008
__Lsfr18                                      sfr18        10008
__Lsfr19                                      sfr19        10008
__Lsfr2                                       sfr2         10008
__Lsfr20                                      sfr20        10008
__Lsfr21                                      sfr21        10008
__Lsfr22                                      sfr22        10008
__Lsfr23                                      sfr23        10008
__Lsfr24                                      sfr24        10008
__Lsfr25                                      sfr25        10008
__Lsfr26                                      sfr26        10008
__Lsfr27                                      sfr27        10008
__Lsfr28                                      sfr28        10008
__Lsfr29                                      sfr29        10008
__Lsfr3                                       sfr3         10008
__Lsfr30                                      sfr30        10008
__Lsfr31                                      sfr31        10008
__Lsfr4                                       sfr4         10008
__Lsfr5                                       sfr5         10008
__Lsfr6                                       sfr6         10008
__Lsfr7                                       sfr7         10008
__Lsfr8                                       sfr8         10008
__Lsfr9                                       sfr9         10008
__Lspace_0                                    (abs)        00000
__Lspace_1                                    (abs)        00000
__Lspace_2                                    (abs)        00000
__Lspace_3                                    (abs)        00000
__Lstack                                      stack        00000
__Lstrings                                    strings      10008
__Lstringtext1                                stringtext1  10008
__Lstringtext2                                stringtext2  10008
__Lstringtext3                                stringtext3  10008
__Ltext                                       text         10008
__S0                                          (abs)        08009
__S1                                          (abs)        000D5
__S2                                          (abs)        00000
___aldiv                                      text66       005C7
___aldiv@counter                              cstackBANK0  00028
___aldiv@dividend                             cstackBANK0  00024
___aldiv@divisor                              cstackBANK0  00020
___aldiv@quotient                             cstackBANK0  0002A
___aldiv@sign                                 cstackBANK0  00029
___almod                                      text65       00649
___almod@counter                              cstackCOMMON 00079
___almod@dividend                             cstackCOMMON 00074
___almod@divisor                              cstackCOMMON 00070
___almod@sign                                 cstackCOMMON 0007A
___altoft                                     text57       00EEC
___altoft@c                                   cstackBANK0  00020
___altoft@exp                                 cstackBANK0  00026
___altoft@sign                                cstackBANK0  00027
___ftadd                                      text59       0014B
___ftadd@exp1                                 cstackBANK0  00040
___ftadd@exp2                                 cstackBANK0  0003F
___ftadd@f1                                   cstackBANK0  00034
___ftadd@f2                                   cstackBANK0  00037
___ftadd@sign                                 cstackBANK0  0003E
___ftmul                                      text63       00241
___ftmul@cntr                                 cstackBANK0  0002E
___ftmul@exp                                  cstackBANK0  0002A
___ftmul@f1                                   cstackBANK0  00020
___ftmul@f2                                   cstackBANK0  00023
___ftmul@f3_as_product                        cstackBANK0  0002B
___ftmul@sign                                 cstackBANK0  0002F
___ftneg                                      text58       00B25
___ftneg@f1                                   cstackBANK0  00031
___ftpack                                     text64       0071B
___ftpack@arg                                 cstackCOMMON 00070
___ftpack@exp                                 cstackCOMMON 00073
___ftpack@sign                                cstackCOMMON 00074
___fttol                                      text56       00438
___fttol@exp1                                 cstackCOMMON 0007D
___fttol@f1                                   cstackCOMMON 00070
___fttol@lval                                 cstackCOMMON 00079
___fttol@sign1                                cstackCOMMON 00078
___int_sp                                     stack        00000
___latbits                                    (abs)        00003
___ltdiv                                      text62       00F6A
___ltdiv@counter                              cstackBANK0  00024
___ltdiv@dividend                             cstackCOMMON 0007B
___ltdiv@divisor                              cstackCOMMON 00078
___ltdiv@quotient                             cstackBANK0  00021
___ltmod                                      text61       00E40
___ltmod@counter                              cstackCOMMON 00077
___ltmod@dividend                             cstackCOMMON 00073
___ltmod@divisor                              cstackCOMMON 00070
___lttoft                                     text60       00BFA
___lttoft@c                                   cstackCOMMON 00078
___lwdiv                                      text86       00DD7
___lwdiv@counter                              cstackCOMMON 00077
___lwdiv@dividend                             cstackCOMMON 00072
___lwdiv@divisor                              cstackCOMMON 00070
___lwdiv@quotient                             cstackCOMMON 00075
___lwmod                                      text85       00DAB
___lwmod@counter                              cstackCOMMON 0007D
___lwmod@dividend                             cstackCOMMON 0007A
___lwmod@divisor                              cstackCOMMON 00078
___sp                                         stack        00000
__end_of_INTERRUPT_InterruptManager           intentry     00032
__end_of_IOCBF0_DefaultInterruptHandler       text81       00AA0
__end_of_IOCBF0_ISR                           text80       00B59
__end_of_IOCBF0_SetInterruptHandler           text20       00AF5
__end_of_IOCBF1_DefaultInterruptHandler       text78       00AA1
__end_of_IOCBF1_ISR                           text77       00B66
__end_of_IOCBF1_SetInterruptHandler           text19       00AFB
__end_of_IOCBF2_DefaultInterruptHandler       text74       00AA2
__end_of_IOCBF2_ISR                           text73       00B73
__end_of_IOCBF2_SetInterruptHandler           text18       00B01
__end_of_IOCBF3_DefaultInterruptHandler       text71       00AA3
__end_of_IOCBF3_ISR                           text70       00B80
__end_of_IOCBF3_SetInterruptHandler           text17       00B07
__end_of_IOCBF4_DefaultInterruptHandler       text41       00AA4
__end_of_IOCBF4_ISR                           text40       00B8D
__end_of_IOCBF4_SetInterruptHandler           text16       00B40
__end_of_IOCBF5_DefaultInterruptHandler       text39       00AA5
__end_of_IOCBF5_ISR                           text38       00B9A
__end_of_IOCBF5_SetInterruptHandler           text15       00B0D
__end_of_OSCILLATOR_Initialize                text21       00ABB
__end_of_PIN_MANAGER_IOC                      text37       00D3A
__end_of_PIN_MANAGER_Initialize               text14       0071B
__end_of_SYSTEM_Initialize                    text4        00BE7
__end_of_TMR0_DefaultInterruptHandler         text33       00003
__end_of_TMR0_ISR                             text32       00BC4
__end_of_TMR0_Initialize                      text12       00C39
__end_of_TMR0_SetInterruptHandler             text13       00B13
__end_of_TMR1_DefaultInterruptHandler         text29       00004
__end_of_TMR1_ISR                             text27       00C23
__end_of_TMR1_Initialize                      text9        00C6D
__end_of_TMR1_SetInterruptHandler             text11       00B19
__end_of_TMR1_StartTimer                      text10       00AB1
__end_of_TMR1_StopTimer                       text87       00AA8
__end_of_TMR2_DefaultInterruptHandler         text24       00800
__end_of_TMR2_ISR                             text23       00BB4
__end_of_TMR2_Initialize                      text6        00BFA
__end_of_TMR2_SetInterruptHandler             text8        00B1F
__end_of_TMR2_StartTimer                      text7        00AB4
__end_of_TMR2_StopTimer                       text3        00AB7
__end_of_WDT_Initialize                       text5        00ABF
__end_of___aldiv                              text66       00649
__end_of___almod                              text65       006B6
__end_of___altoft                             text57       00F29
__end_of___ftadd                              text59       00241
__end_of___ftmul                              text63       002F5
__end_of___ftneg                              text58       00B2E
__end_of___ftpack                             text64       0077F
__end_of___fttol                              text56       004BE
__end_of___ltdiv                              text62       00FAF
__end_of___ltmod                              text61       00E77
__end_of___lttoft                             text60       00C0E
__end_of___lwdiv                              text86       00E0B
__end_of___lwmod                              text85       00DD7
__end_of__initialization                      cinit        00045
__end_of_blankISR                             text25       00BA7
__end_of_checkIDs                             text2        003A7
__end_of_displayToggleISR                     text72       00DAB
__end_of_expected_device_ID                   stringtext3  0100D
__end_of_expected_user_ID                     stringtext1  01008
__end_of_extended_calibration                 stringtext2  0100B
__end_of_frexp                                text55       00E40
__end_of_groundCathode                        text26       00BD5
__end_of_isolateDigits                        text84       005C7
__end_of_main                                 maintext     007D3
__end_of_muxDigitCompensation                 text36       00EB0
__end_of_muxISR                               text34       00D84
__end_of_powerFailISR                         text42       00B37
__end_of_restoreTime                          text52       0014B
__end_of_round                                text53       01000
__end_of_setHoursISR                          text75       00D16
__end_of_setMinutesISR                        text79       00CCE
__end_of_setSecondsISR                        text82       00CAD
__end_of_shutdown                             text67       00EEC
__end_of_sleepyTickISR                        text28       00B4C
__end_of_startup                              text1        00543
__end_of_tickISR                              text30       007FF
__end_of_timeParse                            text31       00C8C
__end_of_trunc                                text54       00F6A
__end_of_twentyFourParse                      text76       00CF2
__end_of_updateDisplay                        text83       00D5F
__end_of_updateParallelPort                   text35       00C51
__end_of_wakeup                               text43       00438
__end_ofi1_IOCBF0_SetInterruptHandler         text51       00ACB
__end_ofi1_IOCBF1_SetInterruptHandler         text50       00AD1
__end_ofi1_IOCBF2_SetInterruptHandler         text49       00AD7
__end_ofi1_IOCBF3_SetInterruptHandler         text48       00ADD
__end_ofi1_IOCBF4_SetInterruptHandler         text47       00AE3
__end_ofi1_TMR0_SetInterruptHandler           text46       00AE9
__end_ofi1_TMR1_SetInterruptHandler           text69       00AC5
__end_ofi1_TMR2_SetInterruptHandler           text45       00AEF
__end_ofi1_TMR2_StartTimer                    text44       00AAE
__end_ofi1_TMR2_StopTimer                     text68       00AAB
__initialization                              cinit        00034
__pbitbssBANK0                                bitbssBANK0  00370
__pbssBANK0                                   bssBANK0     00057
__pbssBANK1                                   bssBANK1     000A0
__pcstackBANK0                                cstackBANK0  00020
__pcstackBANK1                                cstackBANK1  000C7
__pcstackCOMMON                               cstackCOMMON 00070
__pintentry                                   intentry     00004
__pmaintext                                   maintext     0077F
__pstringtext1                                stringtext1  01000
__pstringtext2                                stringtext2  01008
__pstringtext3                                stringtext3  0100B
__pswtext1                                    swtext1      00800
__ptext1                                      text1        004BE
__ptext10                                     text10       00AAE
__ptext11                                     text11       00B13
__ptext12                                     text12       00C23
__ptext13                                     text13       00B0D
__ptext14                                     text14       006B6
__ptext15                                     text15       00B07
__ptext16                                     text16       00B37
__ptext17                                     text17       00B01
__ptext18                                     text18       00AFB
__ptext19                                     text19       00AF5
__ptext2                                      text2        002F5
__ptext20                                     text20       00AEF
__ptext21                                     text21       00AB7
__ptext23                                     text23       00BA7
__ptext24                                     text24       007FF
__ptext25                                     text25       00B9A
__ptext26                                     text26       00BC4
__ptext27                                     text27       00C0E
__ptext28                                     text28       00B40
__ptext29                                     text29       00003
__ptext3                                      text3        00AB4
__ptext30                                     text30       007D3
__ptext31                                     text31       00C6D
__ptext32                                     text32       00BB4
__ptext33                                     text33       00002
__ptext34                                     text34       00D5F
__ptext35                                     text35       00C39
__ptext36                                     text36       00E77
__ptext37                                     text37       00D16
__ptext38                                     text38       00B8D
__ptext39                                     text39       00AA4
__ptext4                                      text4        00BD5
__ptext40                                     text40       00B80
__ptext41                                     text41       00AA3
__ptext42                                     text42       00B2E
__ptext43                                     text43       003A7
__ptext44                                     text44       00AAB
__ptext45                                     text45       00AE9
__ptext46                                     text46       00AE3
__ptext47                                     text47       00ADD
__ptext48                                     text48       00AD7
__ptext49                                     text49       00AD1
__ptext5                                      text5        00ABB
__ptext50                                     text50       00ACB
__ptext51                                     text51       00AC5
__ptext52                                     text52       00049
__ptext53                                     text53       00FAF
__ptext54                                     text54       00F29
__ptext55                                     text55       00E0B
__ptext56                                     text56       00438
__ptext57                                     text57       00EEC
__ptext58                                     text58       00B25
__ptext59                                     text59       0014B
__ptext6                                      text6        00BE7
__ptext60                                     text60       00BFA
__ptext61                                     text61       00E40
__ptext62                                     text62       00F6A
__ptext63                                     text63       00241
__ptext64                                     text64       0071B
__ptext65                                     text65       00649
__ptext66                                     text66       005C7
__ptext67                                     text67       00EB0
__ptext68                                     text68       00AA8
__ptext69                                     text69       00ABF
__ptext7                                      text7        00AB1
__ptext70                                     text70       00B73
__ptext71                                     text71       00AA2
__ptext72                                     text72       00D84
__ptext73                                     text73       00B66
__ptext74                                     text74       00AA1
__ptext75                                     text75       00CF2
__ptext76                                     text76       00CCE
__ptext77                                     text77       00B59
__ptext78                                     text78       00AA0
__ptext79                                     text79       00CAD
__ptext8                                      text8        00B19
__ptext80                                     text80       00B4C
__ptext81                                     text81       00A9F
__ptext82                                     text82       00C8C
__ptext83                                     text83       00D3A
__ptext84                                     text84       00543
__ptext85                                     text85       00DAB
__ptext86                                     text86       00DD7
__ptext87                                     text87       00AA5
__ptext9                                      text9        00C51
__size_of_INTERRUPT_InterruptManager          (abs)        00000
__size_of_IOCBF0_DefaultInterruptHandler      (abs)        00000
__size_of_IOCBF0_ISR                          (abs)        00000
__size_of_IOCBF0_SetInterruptHandler          (abs)        00000
__size_of_IOCBF1_DefaultInterruptHandler      (abs)        00000
__size_of_IOCBF1_ISR                          (abs)        00000
__size_of_IOCBF1_SetInterruptHandler          (abs)        00000
__size_of_IOCBF2_DefaultInterruptHandler      (abs)        00000
__size_of_IOCBF2_ISR                          (abs)        00000
__size_of_IOCBF2_SetInterruptHandler          (abs)        00000
__size_of_IOCBF3_DefaultInterruptHandler      (abs)        00000
__size_of_IOCBF3_ISR                          (abs)        00000
__size_of_IOCBF3_SetInterruptHandler          (abs)        00000
__size_of_IOCBF4_DefaultInterruptHandler      (abs)        00000
__size_of_IOCBF4_ISR                          (abs)        00000
__size_of_IOCBF4_SetInterruptHandler          (abs)        00000
__size_of_IOCBF5_DefaultInterruptHandler      (abs)        00000
__size_of_IOCBF5_ISR                          (abs)        00000
__size_of_IOCBF5_SetInterruptHandler          (abs)        00000
__size_of_OSCILLATOR_Initialize               (abs)        00000
__size_of_PIN_MANAGER_IOC                     (abs)        00000
__size_of_PIN_MANAGER_Initialize              (abs)        00000
__size_of_SYSTEM_Initialize                   (abs)        00000
__size_of_TMR0_DefaultInterruptHandler        (abs)        00000
__size_of_TMR0_ISR                            (abs)        00000
__size_of_TMR0_Initialize                     (abs)        00000
__size_of_TMR0_SetInterruptHandler            (abs)        00000
__size_of_TMR1_DefaultInterruptHandler        (abs)        00000
__size_of_TMR1_ISR                            (abs)        00000
__size_of_TMR1_Initialize                     (abs)        00000
__size_of_TMR1_SetInterruptHandler            (abs)        00000
__size_of_TMR1_StartTimer                     (abs)        00000
__size_of_TMR1_StopTimer                      (abs)        00000
__size_of_TMR2_DefaultInterruptHandler        (abs)        00000
__size_of_TMR2_ISR                            (abs)        00000
__size_of_TMR2_Initialize                     (abs)        00000
__size_of_TMR2_SetInterruptHandler            (abs)        00000
__size_of_TMR2_StartTimer                     (abs)        00000
__size_of_TMR2_StopTimer                      (abs)        00000
__size_of_WDT_Initialize                      (abs)        00000
__size_of___aldiv                             (abs)        00000
__size_of___almod                             (abs)        00000
__size_of___altoft                            (abs)        00000
__size_of___ftadd                             (abs)        00000
__size_of___ftmul                             (abs)        00000
__size_of___ftneg                             (abs)        00000
__size_of___ftpack                            (abs)        00000
__size_of___fttol                             (abs)        00000
__size_of___ltdiv                             (abs)        00000
__size_of___ltmod                             (abs)        00000
__size_of___lttoft                            (abs)        00000
__size_of___lwdiv                             (abs)        00000
__size_of___lwmod                             (abs)        00000
__size_of_blankISR                            (abs)        00000
__size_of_checkIDs                            (abs)        00000
__size_of_displayToggleISR                    (abs)        00000
__size_of_frexp                               (abs)        00000
__size_of_groundCathode                       (abs)        00000
__size_of_isolateDigits                       (abs)        00000
__size_of_main                                (abs)        00000
__size_of_muxDigitCompensation                (abs)        00000
__size_of_muxISR                              (abs)        00000
__size_of_powerFailISR                        (abs)        00000
__size_of_restoreTime                         (abs)        00000
__size_of_round                               (abs)        00000
__size_of_setHoursISR                         (abs)        00000
__size_of_setMinutesISR                       (abs)        00000
[...]
 This function uses a non-reentrant model


 *************** function _setMinutesISR *****************
 Defined at:
		line 333 in file "clock_functions.c"
 Parameters:    Size  Location     Type
		None
 Auto vars:     Size  Location     Type
		None
 Return value:  Size  Location     Type
                  1    wreg      void 
 Registers used:
		wreg, status,2, status,0, pclath, cstack
 Tracked objects:
		On entry : 
		On exit  : 
		Unchanged: 
 Data sizes:     COMMON   BANK0   BANK1   BANK2   BANK3   BANK4   BANK5   BANK6   BANK7   BANK8   BANK9  BANK10  BANK11  BANK12
      Params:         0       0       0       0       0       0       0       0       0       0       0       0       0       0
      Locals:         0       0       0       0       0       0       0       0       0       0       0       0       0       0
      Temps:          0       0       0       0       0       0       0       0       0       0       0       0       0       0
      Totals:         0       0       0       0       0       0       0       0       0       0       0       0       0       0
Total ram usage:        0 bytes
 Hardware stack levels used:    1
 Hardware stack levels required when called:    2
 This function calls:
		_TMR1_StopTimer
		_isolateDigits
		_updateDisplay
 This function is called by:
		_startup
		_wakeup
		_IOCBF1_ISR
 This function uses a non-reentrant model


 *************** function _IOCBF0_ISR *****************
 Defined at:
		line 182 in file "mcc_generated_files/pin_manager.c"
 Parameters:    Size  Location     Type
		None
 Auto vars:     Size  Location     Type
		None
 Return value:  Size  Location     Type
                  1    wreg      void 
 Registers used:
		wreg, status,2, status,0, pclath, cstack
 Tracked objects:
		On entry : 
		On exit  : 
		Unchanged: 
 Data sizes:     COMMON   BANK0   BANK1   BANK2   BANK3   BANK4   BANK5   BANK6   BANK7   BANK8   BANK9  BANK10  BANK11  BANK12
      Params:         0       0       0       0       0       0       0       0       0       0       0       0       0       0
      Locals:         0       0       0       0       0       0       0       0       0       0       0       0       0       0
      Temps:          0       0       0       0       0       0       0       0       0       0       0       0       0       0
      Totals:         0       0       0       0       0       0       0       0       0       0       0       0       0       0
Total ram usage:        0 bytes
 Hardware stack levels used:    1
 Hardware stack levels required when called:    3
 This function calls:
		Absolute function
		_IOCBF0_DefaultInterruptHandler
		_setSecondsISR
 This function is called by:
		_PIN_MANAGER_IOC
 This function uses a non-reentrant model


 *************** function _IOCBF0_DefaultInterruptHandler *****************
 Defined at:
		line 204 in file "mcc_generated_files/pin_manager.c"
 Parameters:    Size  Location     Type
		None
 Auto vars:     Size  Location     Type
		None
 Return value:  Size  Location     Type
                  1    wreg      void 
 Registers used:
		None
 Tracked objects:
		On entry : 
		On exit  : 
		Unchanged: 
 Data sizes:     COMMON   BANK0   BANK1   BANK2   BANK3   BANK4   BANK5   BANK6   BANK7   BANK8   BANK9  BANK10  BANK11  BANK12
      Params:         0       0       0       0       0       0       0       0       0       0       0       0       0       0
      Locals:         0       0       0       0       0       0       0       0       0       0       0       0       0       0
      Temps:          0       0       0       0       0       0       0       0       0       0       0       0       0       0
      Totals:         0       0       0       0       0       0       0       0       0       0       0       0       0       0
Total ram usage:        0 bytes
 Hardware stack levels used:    1
 This function calls:
		Nothing
 This function is called by:
		_PIN_MANAGER_Initialize
		_IOCBF0_ISR
 This function uses a non-reentrant model


 *************** function _setSecondsISR *****************
 Defined at:
		line 282 in file "clock_functions.c"
 Parameters:    Size  Location     Type
		None
 Auto vars:     Size  Location     Type
		None
 Return value:  Size  Location     Type
                  1    wreg      void 
 Registers used:
		wreg, status,2, status,0, pclath, cstack
 Tracked objects:
		On entry : 
		On exit  : 
		Unchanged: 
 Data sizes:     COMMON   BANK0   BANK1   BANK2   BANK3   BANK4   BANK5   BANK6   BANK7   BANK8   BANK9  BANK10  BANK11  BANK12
      Params:         0       0       0       0       0       0       0       0       0       0       0       0       0       0
      Locals:         0       0       0       0       0       0       0       0       0       0       0       0       0       0
      Temps:          0       0       0       0       0       0       0       0       0       0       0       0       0       0
      Totals:         0       0       0       0       0       0       0       0       0       0       0       0       0       0
Total ram usage:        0 bytes
 Hardware stack levels used:    1
 Hardware stack levels required when called:    2
 This function calls:
		_TMR1_StopTimer
		_isolateDigits
		_updateDisplay
 This function is called by:
		_startup
		_wakeup
		_IOCBF0_ISR
 This function uses a non-reentrant model


 *************** function _updateDisplay *****************
 Defined at:
		line 704 in file "clock_functions.c"
 Parameters:    Size  Location     Type
		None
 Auto vars:     Size  Location     Type
		None
 Return value:  Size  Location     Type
                  1    wreg      void 
 Registers used:
		wreg
 Tracked objects:
		On entry : 
		On exit  : 
		Unchanged: 
 Data sizes:     COMMON   BANK0   BANK1   BANK2   BANK3   BANK4   BANK5   BANK6   BANK7   BANK8   BANK9  BANK10  BANK11  BANK12
      Params:         0       0       0       0       0       0       0       0       0       0       0       0       0       0
      Locals:         0       0       0       0       0       0       0       0       0       0       0       0       0       0
      Temps:          0       0       0       0       0       0       0       0       0       0       0       0       0       0
      Totals:         0       0       0       0       0       0       0       0       0       0       0       0       0       0
Total ram usage:        0 bytes
 Hardware stack levels used:    1
 This function calls:
		Nothing
 This function is called by:
		_tickISR
		_setSecondsISR
		_setMinutesISR
		_setHoursISR
		_wakeup
 This function uses a non-reentrant model


 *************** function _isolateDigits *****************
 Defined at:
		line 679 in file "clock_functions.c"
 Parameters:    Size  Location     Type
		None
 Auto vars:     Size  Location     Type
		None
 Return value:  Size  Location     Type
                  1    wreg      void 
 Registers used:
		wreg, status,2, status,0, pclath, cstack
 Tracked objects:
		On entry : 
		On exit  : 
		Unchanged: 
 Data sizes:     COMMON   BANK0   BANK1   BANK2   BANK3   BANK4   BANK5   BANK6   BANK7   BANK8   BANK9  BANK10  BANK11  BANK12
      Params:         0       0       0       0       0       0       0       0       0       0       0       0       0       0
      Locals:         0       0       0       0       0       0       0       0       0       0       0       0       0       0
      Temps:          0       0       0       0       0       0       0       0       0       0       0       0       0       0
      Totals:         0       0       0       0       0       0       0       0       0       0       0       0       0       0
Total ram usage:        0 bytes
 Hardware stack levels used:    1
 Hardware stack levels required when called:    1
 This function calls:
		___lwdiv
		___lwmod
 This function is called by:
		_tickISR
		_setSecondsISR
		_setMinutesISR
		_setHoursISR
		_wakeup
 This function uses a non-reentrant model


 *************** function ___lwmod *****************
 Defined at:
		line 6 in file "C:\Program Files (x86)\Microchip\xc8\v1.45\sources\common\lwmod.c"
 Parameters:    Size  Location     Type
  divisor         2    8[COMMON] unsigned int 
  dividend        2   10[COMMON] unsigned int 
 Auto vars:     Size  Location     Type
  counter         1   13[COMMON] unsigned char 
 Return value:  Size  Location     Type
                  2    8[COMMON] unsigned int 
 Registers used:
		wreg, status,2, status,0
 Tracked objects:
		On entry : 
		On exit  : 
		Unchanged: 
 Data sizes:     COMMON   BANK0   BANK1   BANK2   BANK3   BANK4   BANK5   BANK6   BANK7   BANK8   BANK9  BANK10  BANK11  BANK12
      Params:         4       0       0       0       0       0       0       0       0       0       0       0       0       0
      Locals:         1       0       0       0       0       0       0       0       0       0       0       0       0       0
      Temps:          1       0       0       0       0       0       0       0       0       0       0       0       0       0
      Totals:         6       0       0       0       0       0       0       0       0       0       0       0       0       0
Total ram usage:        6 bytes
 Hardware stack levels used:    1
 This function calls:
		Nothing
 This function is called by:
		_isolateDigits
 This function uses a non-reentrant model


 *************** function ___lwdiv *****************
 Defined at:
		line 6 in file "C:\Program Files (x86)\Microchip\xc8\v1.45\sources\common\lwdiv.c"
 Parameters:    Size  Location     Type
  divisor         2    0[COMMON] unsigned int 
  dividend        2    2[COMMON] unsigned int 
 Auto vars:     Size  Location     Type
  quotient        2    5[COMMON] unsigned int 
  counter         1    7[COMMON] unsigned char 
 Return value:  Size  Location     Type
                  2    0[COMMON] unsigned int 
 Registers used:
		wreg, status,2, status,0
 Tracked objects:
		On entry : 
		On exit  : 
		Unchanged: 
 Data sizes:     COMMON   BANK0   BANK1   BANK2   BANK3   BANK4   BANK5   BANK6   BANK7   BANK8   BANK9  BANK10  BANK11  BANK12
      Params:         4       0       0       0       0       0       0       0       0       0       0       0       0       0
      Locals:         3       0       0       0       0       0       0       0       0       0       0       0       0       0
      Temps:          1       0       0       0       0       0       0       0       0       0       0       0       0       0
      Totals:         8       0       0       0       0       0       0       0       0       0       0       0       0       0
Total ram usage:        8 bytes
 Hardware stack levels used:    1
 This function calls:
		Nothing
 This function is called by:
		_isolateDigits
 This function uses a non-reentrant model


 *************** function _TMR1_StopTimer *****************
 Defined at:
		line 101 in file "mcc_generated_files/tmr1.c"
 Parameters:    Size  Location     Type
		None
 Auto vars:     Size  Location     Type
		None
 Return value:  Size  Location     Type
                  1    wreg      void 
 Registers used:
		None
 Tracked objects:
		On entry : 
		On exit  : 
		Unchanged: 
 Data sizes:     COMMON   BANK0   BANK1   BANK2   BANK3   BANK4   BANK5   BANK6   BANK7   BANK8   BANK9  BANK10  BANK11  BANK12
      Params:         0       0       0       0       0       0       0       0       0       0       0       0       0       0
      Locals:         0       0       0       0       0       0       0       0       0       0       0       0       0       0
      Temps:          0       0       0       0       0       0       0       0       0       0       0       0       0       0
      Totals:         0       0       0       0       0       0       0       0       0       0       0       0       0       0
Total ram usage:        0 bytes
 Hardware stack levels used:    1
 This function calls:
		Nothing
 This function is called by:
		_setSecondsISR
		_setMinutesISR
		_setHoursISR
 This function uses a non-reentrant model



MODULE INFORMATION

Module		Function		Class		Link	Load	Size
C:\Program Files (x86)\Microchip\xc8\v1.45\sources\common\ftneg.c
		___ftneg       		CODE           	0B25	0000	10

C:\Program Files (x86)\Microchip\xc8\v1.45\sources\common\ftneg.c estimated size: 10

C:\Program Files (x86)\Microchip\xc8\v1.45\sources\common\float.c
		___ftpack      		CODE           	071B	0000	101

C:\Program Files (x86)\Microchip\xc8\v1.45\sources\common\float.c estimated size: 101

checkIDs.c
		_checkIDs      		CODE           	02F5	0000	179

checkIDs.c estimated size: 179

C:\Program Files (x86)\Microchip\xc8\v1.45\sources\common\round.c
		_round         		CODE           	0FAF	0000	82

C:\Program Files (x86)\Microchip\xc8\v1.45\sources\common\round.c estimated size: 82

mcc_generated_files/tmr2.c
		_TMR2_ISR      		CODE           	0BA7	0000	14
		_TMR2_Initialize		CODE           	0BE7	0000	20
		_TMR2_SetInterruptHandler		CODE           	0B19	0000	7
		_TMR2_StopTimer		CODE           	0AB4	0000	4
		_TMR2_DefaultInterruptHandler		CODE           	07FF	0000	2
		_TMR2_StartTimer		CODE           	0AB1	0000	4

mcc_generated_files/tmr2.c estimated size: 51

mcc_generated_files/interrupt_manager.c
		_INTERRUPT_InterruptManager		CODE           	0004	0000	47

mcc_generated_files/interrupt_manager.c estimated size: 47

mcc_generated_files/tmr0.c
		_TMR0_SetInterruptHandler		CODE           	0B0D	0000	7
		_TMR0_DefaultInterruptHandler		CODE           	0002	0000	2
		_TMR0_ISR      		CODE           	0BB4	0000	17
		_TMR0_Initialize		CODE           	0C23	0000	23

mcc_generated_files/tmr0.c estimated size: 49

C:\Program Files (x86)\Microchip\xc8\v1.45\sources\common\frexp.c
		_frexp         		CODE           	0E0B	0000	54

C:\Program Files (x86)\Microchip\xc8\v1.45\sources\common\frexp.c estimated size: 54

mcc_generated_files/pin_manager.c
		_IOCBF3_DefaultInterruptHandler		CODE           	0AA2	0000	2
		_IOCBF0_ISR    		CODE           	0B4C	0000	14
		_PIN_MANAGER_Initialize		CODE           	06B6	0000	102
		_IOCBF3_ISR    		CODE           	0B73	0000	14
		_IOCBF2_SetInterruptHandler		CODE           	0AFB	0000	7
		_IOCBF5_SetInterruptHandler		CODE           	0B07	0000	7
		_IOCBF1_DefaultInterruptHandler		CODE           	0AA0	0000	2
		_IOCBF4_DefaultInterruptHandler		CODE           	0AA3	0000	2
		_IOCBF1_ISR    		CODE           	0B59	0000	14
		_IOCBF0_SetInterruptHandler		CODE           	0AEF	0000	7
		_IOCBF4_ISR    		CODE           	0B80	0000	14
		_IOCBF3_SetInterruptHandler		CODE           	0B01	0000	7
		_IOCBF2_DefaultInterruptHandler		CODE           	0AA1	0000	2
		_PIN_MANAGER_IOC		CODE           	0D16	0000	37
		_IOCBF5_DefaultInterruptHandler		CODE           	0AA4	0000	2
		_IOCBF2_ISR    		CODE           	0B66	0000	14
		_IOCBF1_SetInterruptHandler		CODE           	0AF5	0000	7
		_IOCBF5_ISR    		CODE           	0B8D	0000	14
		_IOCBF4_SetInterruptHandler		CODE           	0B37	0000	10
		_IOCBF0_DefaultInterruptHandler		CODE           	0A9F	0000	2

mcc_generated_files/pin_manager.c estimated size: 280

C:\Program Files (x86)\Microchip\xc8\v1.45\sources\common\lwmod.c
		___lwmod       		CODE           	0DAB	0000	45

C:\Program Files (x86)\Microchip\xc8\v1.45\sources\common\lwmod.c estimated size: 45

C:\Program Files (x86)\Microchip\xc8\v1.45\sources\common\ftmul.c
		___ftmul       		CODE           	0241	0000	181

C:\Program Files (x86)\Microchip\xc8\v1.45\sources\common\ftmul.c estimated size: 181

C:\Program Files (x86)\Microchip\xc8\v1.45\sources\common\almod.c
		___almod       		CODE           	0649	0000	110

C:\Program Files (x86)\Microchip\xc8\v1.45\sources\common\almod.c estimated size: 110

C:\Program Files (x86)\Microchip\xc8\v1.45\sources\common\ltmod.c
		___ltmod       		CODE           	0E40	0000	56

C:\Program Files (x86)\Microchip\xc8\v1.45\sources\common\ltmod.c estimated size: 56

shared
		_extended_calibration		STRCODE        	1008	0000	4
		i1_TMR0_SetInterruptHandler		CODE           	0AE3	0000	7
		_expected_user_ID		STRCODE        	1000	0000	9
		__initialization		CODE           	0034	0000	18
		i1_TMR1_SetInterruptHandler		CODE           	0ABF	0000	7
		i1_TMR2_StopTimer		CODE           	0AA8	0000	4
		i1_TMR2_StartTimer		CODE           	0AAB	0000	4
		_expected_device_ID		STRCODE        	100B	0000	3
		i1_TMR2_SetInterruptHandler		CODE           	0AE9	0000	7
		i1_IOCBF0_SetInterruptHandler		CODE           	0AC5	0000	7
		i1_IOCBF1_SetInterruptHandler		CODE           	0ACB	0000	7
		i1_IOCBF2_SetInterruptHandler		CODE           	0AD1	0000	7
		i1_IOCBF3_SetInterruptHandler		CODE           	0AD7	0000	7
		i1_IOCBF4_SetInterruptHandler		CODE           	0ADD	0000	7

shared estimated size: 98

mcc_generated_files/mcc.c
		_WDT_Initialize		CODE           	0ABB	0000	5
		_OSCILLATOR_Initialize		CODE           	0AB7	0000	5
		_SYSTEM_Initialize		CODE           	0BD5	0000	19

mcc_generated_files/mcc.c estimated size: 29

C:\Program Files (x86)\Microchip\xc8\v1.45\sources\common\fttol.c
		___fttol       		CODE           	0438	0000	135

C:\Program Files (x86)\Microchip\xc8\v1.45\sources\common\fttol.c estimated size: 135

mcc_generated_files/tmr1.c
		_TMR1_Initialize		CODE           	0C51	0000	29
		_TMR1_SetInterruptHandler		CODE           	0B13	0000	7
		_TMR1_StopTimer		CODE           	0AA5	0000	4
		_TMR1_DefaultInterruptHandler		CODE           	0003	0000	2
		_TMR1_StartTimer		CODE           	0AAE	0000	4
		_TMR1_ISR      		CODE           	0C0E	0000	22

mcc_generated_files/tmr1.c estimated size: 68

C:\Program Files (x86)\Microchip\xc8\v1.45\sources\common\lwdiv.c
		___lwdiv       		CODE           	0DD7	0000	53

C:\Program Files (x86)\Microchip\xc8\v1.45\sources\common\lwdiv.c estimated size: 53

C:\Program Files (x86)\Microchip\xc8\v1.45\sources\common\lttoft.c
		___lttoft      		CODE           	0BFA	0000	21

C:\Program Files (x86)\Microchip\xc8\v1.45\sources\common\lttoft.c estimated size: 21

C:\Program Files (x86)\Microchip\xc8\v1.45\sources\common\ftadd.c
		___ftadd       		CODE           	014B	0000	247

C:\Program Files (x86)\Microchip\xc8\v1.45\sources\common\ftadd.c estimated size: 247

C:\Program Files (x86)\Microchip\xc8\v1.45\sources\common\trunc.c
		_trunc         		CODE           	0F29	0000	66

C:\Program Files (x86)\Microchip\xc8\v1.45\sources\common\trunc.c estimated size: 66

C:\Program Files (x86)\Microchip\xc8\v1.45\sources\common\aldiv.c
		___aldiv       		CODE           	05C7	0000	131

C:\Program Files (x86)\Microchip\xc8\v1.45\sources\common\aldiv.c estimated size: 131

main.c
		_main          		CODE           	077F	0000	85

main.c estimated size: 85

C:\Program Files (x86)\Microchip\xc8\v1.45\sources\common\ltdiv.c
		___ltdiv       		CODE           	0F6A	0000	70

C:\Program Files (x86)\Microchip\xc8\v1.45\sources\common\ltdiv.c estimated size: 70

clock_functions.c
		_groundCathode 		CODE           	0BC4	0000	18
		_startup       		CODE           	04BE	0000	134
		_displayToggleISR		CODE           	0D84	0000	40
		_restoreTime   		CODE           	0049	0000	259
		_muxDigitCompensation		CODE           	0E77	0000	58
		_wakeup        		CODE           	03A7	0000	146
		_sleepyTickISR 		CODE           	0B40	0000	13
		_setHoursISR   		CODE           	0CF2	0000	37
		_setSecondsISR 		CODE           	0C8C	0000	34
		_timeParse     		CODE           	0C6D	0000	32
		_tickISR       		CODE           	07D3	0000	45
		_setMinutesISR 		CODE           	0CAD	0000	34
		_muxISR        		CODE           	0D5F	0000	38
		_blankISR      		CODE           	0B9A	0000	14
		_shutdown      		CODE           	0EB0	0000	61
		_updateParallelPort		CODE           	0C39	0000	25
		_powerFailISR  		CODE           	0B2E	0000	10
		_isolateDigits 		CODE           	0543	0000	133
		_twentyFourParse		CODE           	0CCE	0000	37
		_updateDisplay 		CODE           	0D3A	0000	38

clock_functions.c estimated size: 1206

C:\Program Files (x86)\Microchip\xc8\v1.45\sources\common\altoft.c
		___altoft      		CODE           	0EEC	0000	62

C:\Program Files (x86)\Microchip\xc8\v1.45\sources\common\altoft.c estimated size: 62

